Analysis & Synthesis report for Testing
Mon Dec  4 13:25:26 2023
Quartus Prime Version 22.1std.2 Build 922 07/20/2023 SC Lite Edition


---------------------
; Table of Contents ;
---------------------
  1. Legal Notice
  2. Analysis & Synthesis Summary
  3. Analysis & Synthesis Settings
  4. Parallel Compilation
  5. Analysis & Synthesis Source Files Read
  6. Analysis & Synthesis Resource Usage Summary
  7. Analysis & Synthesis Resource Utilization by Entity
  8. General Register Statistics
  9. Inverted Register Statistics
 10. Multiplexer Restructuring Statistics (Restructuring Performed)
 11. Parameter Settings for User Entity Instance: Top-level Entity: |LS_RS
 12. Post-Synthesis Netlist Statistics for Top Partition
 13. Elapsed Time Per Partition
 14. Analysis & Synthesis Messages



----------------
; Legal Notice ;
----------------
Copyright (C) 2023  Intel Corporation. All rights reserved.
Your use of Intel Corporation's design tools, logic functions 
and other software and tools, and any partner logic 
functions, and any output files from any of the foregoing 
(including device programming or simulation files), and any 
associated documentation or information are expressly subject 
to the terms and conditions of the Intel Program License 
Subscription Agreement, the Intel Quartus Prime License Agreement,
the Intel FPGA IP License Agreement, or other applicable license
agreement, including, without limitation, that your use is for
the sole purpose of programming logic devices manufactured by
Intel and sold by Intel or its authorized distributors.  Please
refer to the applicable agreement for further details, at
https://fpgasoftware.intel.com/eula.



+-------------------------------------------------------------------------------------+
; Analysis & Synthesis Summary                                                        ;
+------------------------------------+------------------------------------------------+
; Analysis & Synthesis Status        ; Successful - Mon Dec  4 13:25:26 2023          ;
; Quartus Prime Version              ; 22.1std.2 Build 922 07/20/2023 SC Lite Edition ;
; Revision Name                      ; Testing                                        ;
; Top-level Entity Name              ; LS_RS                                          ;
; Family                             ; MAX 10                                         ;
; Total logic elements               ; 11,482                                         ;
;     Total combinational functions  ; 11,482                                         ;
;     Dedicated logic registers      ; 4,433                                          ;
; Total registers                    ; 4433                                           ;
; Total pins                         ; 283                                            ;
; Total virtual pins                 ; 0                                              ;
; Total memory bits                  ; 0                                              ;
; Embedded Multiplier 9-bit elements ; 0                                              ;
; Total PLLs                         ; 0                                              ;
; UFM blocks                         ; 0                                              ;
; ADC blocks                         ; 0                                              ;
+------------------------------------+------------------------------------------------+


+------------------------------------------------------------------------------------------------------------+
; Analysis & Synthesis Settings                                                                              ;
+------------------------------------------------------------------+--------------------+--------------------+
; Option                                                           ; Setting            ; Default Value      ;
+------------------------------------------------------------------+--------------------+--------------------+
; Device                                                           ; 10M25SAE144C8G     ;                    ;
; Top-level entity name                                            ; LS_RS              ; Testing            ;
; Family name                                                      ; MAX 10             ; Cyclone V          ;
; VHDL Show LMF Mapping Messages                                   ; Off                ;                    ;
; VHDL Version                                                     ; VHDL_2008          ; VHDL_1993          ;
; Use smart compilation                                            ; Off                ; Off                ;
; Enable parallel Assembler and Timing Analyzer during compilation ; On                 ; On                 ;
; Enable compact report table                                      ; Off                ; Off                ;
; Restructure Multiplexers                                         ; Auto               ; Auto               ;
; Create Debugging Nodes for IP Cores                              ; Off                ; Off                ;
; Preserve fewer node names                                        ; On                 ; On                 ;
; Intel FPGA IP Evaluation Mode                                    ; Enable             ; Enable             ;
; Verilog Version                                                  ; Verilog_2001       ; Verilog_2001       ;
; State Machine Processing                                         ; Auto               ; Auto               ;
; Safe State Machine                                               ; Off                ; Off                ;
; Extract Verilog State Machines                                   ; On                 ; On                 ;
; Extract VHDL State Machines                                      ; On                 ; On                 ;
; Ignore Verilog initial constructs                                ; Off                ; Off                ;
; Iteration limit for constant Verilog loops                       ; 5000               ; 5000               ;
; Iteration limit for non-constant Verilog loops                   ; 250                ; 250                ;
; Add Pass-Through Logic to Inferred RAMs                          ; On                 ; On                 ;
; Infer RAMs from Raw Logic                                        ; On                 ; On                 ;
; Parallel Synthesis                                               ; On                 ; On                 ;
; DSP Block Balancing                                              ; Auto               ; Auto               ;
; NOT Gate Push-Back                                               ; On                 ; On                 ;
; Power-Up Don't Care                                              ; On                 ; On                 ;
; Remove Redundant Logic Cells                                     ; Off                ; Off                ;
; Remove Duplicate Registers                                       ; On                 ; On                 ;
; Ignore CARRY Buffers                                             ; Off                ; Off                ;
; Ignore CASCADE Buffers                                           ; Off                ; Off                ;
; Ignore GLOBAL Buffers                                            ; Off                ; Off                ;
; Ignore ROW GLOBAL Buffers                                        ; Off                ; Off                ;
; Ignore LCELL Buffers                                             ; Off                ; Off                ;
; Ignore SOFT Buffers                                              ; On                 ; On                 ;
; Limit AHDL Integers to 32 Bits                                   ; Off                ; Off                ;
; Optimization Technique                                           ; Balanced           ; Balanced           ;
; Carry Chain Length                                               ; 70                 ; 70                 ;
; Auto Carry Chains                                                ; On                 ; On                 ;
; Auto Open-Drain Pins                                             ; On                 ; On                 ;
; Perform WYSIWYG Primitive Resynthesis                            ; Off                ; Off                ;
; Auto ROM Replacement                                             ; On                 ; On                 ;
; Auto RAM Replacement                                             ; On                 ; On                 ;
; Auto DSP Block Replacement                                       ; On                 ; On                 ;
; Auto Shift Register Replacement                                  ; Auto               ; Auto               ;
; Allow Shift Register Merging across Hierarchies                  ; Auto               ; Auto               ;
; Auto Clock Enable Replacement                                    ; On                 ; On                 ;
; Strict RAM Replacement                                           ; Off                ; Off                ;
; Allow Synchronous Control Signals                                ; On                 ; On                 ;
; Force Use of Synchronous Clear Signals                           ; Off                ; Off                ;
; Auto RAM Block Balancing                                         ; On                 ; On                 ;
; Auto RAM to Logic Cell Conversion                                ; Off                ; Off                ;
; Auto Resource Sharing                                            ; Off                ; Off                ;
; Allow Any RAM Size For Recognition                               ; Off                ; Off                ;
; Allow Any ROM Size For Recognition                               ; Off                ; Off                ;
; Allow Any Shift Register Size For Recognition                    ; Off                ; Off                ;
; Use LogicLock Constraints during Resource Balancing              ; On                 ; On                 ;
; Ignore translate_off and synthesis_off directives                ; Off                ; Off                ;
; Timing-Driven Synthesis                                          ; On                 ; On                 ;
; Report Parameter Settings                                        ; On                 ; On                 ;
; Report Source Assignments                                        ; On                 ; On                 ;
; Report Connectivity Checks                                       ; On                 ; On                 ;
; Ignore Maximum Fan-Out Assignments                               ; Off                ; Off                ;
; Synchronization Register Chain Length                            ; 2                  ; 2                  ;
; Power Optimization During Synthesis                              ; Normal compilation ; Normal compilation ;
; HDL message level                                                ; Level2             ; Level2             ;
; Suppress Register Optimization Related Messages                  ; Off                ; Off                ;
; Number of Removed Registers Reported in Synthesis Report         ; 5000               ; 5000               ;
; Number of Swept Nodes Reported in Synthesis Report               ; 5000               ; 5000               ;
; Number of Inverted Registers Reported in Synthesis Report        ; 100                ; 100                ;
; Clock MUX Protection                                             ; On                 ; On                 ;
; Auto Gated Clock Conversion                                      ; Off                ; Off                ;
; Block Design Naming                                              ; Auto               ; Auto               ;
; SDC constraint protection                                        ; Off                ; Off                ;
; Synthesis Effort                                                 ; Auto               ; Auto               ;
; Shift Register Replacement - Allow Asynchronous Clear Signal     ; On                 ; On                 ;
; Pre-Mapping Resynthesis Optimization                             ; Off                ; Off                ;
; Analysis & Synthesis Message Level                               ; Medium             ; Medium             ;
; Disable Register Merging Across Hierarchies                      ; Auto               ; Auto               ;
; Resource Aware Inference For Block RAM                           ; On                 ; On                 ;
+------------------------------------------------------------------+--------------------+--------------------+


+------------------------------------------+
; Parallel Compilation                     ;
+----------------------------+-------------+
; Processors                 ; Number      ;
+----------------------------+-------------+
; Number detected on machine ; 8           ;
; Maximum allowed            ; 4           ;
;                            ;             ;
; Average used               ; 1.00        ;
; Maximum used               ; 4           ;
;                            ;             ;
; Usage by Processor         ; % Time Used ;
;     Processor 1            ; 100.0%      ;
;     Processor 2            ;   0.2%      ;
;     Processor 3            ;   0.2%      ;
;     Processor 4            ;   0.1%      ;
+----------------------------+-------------+


+--------------------------------------------------------------------------------------------------------------------------------------------------+
; Analysis & Synthesis Source Files Read                                                                                                           ;
+----------------------------------+-----------------+-----------------+-----------------------------------------------------------------+---------+
; File Name with User-Entered Path ; Used in Netlist ; File Type       ; File Name with Absolute Path                                    ; Library ;
+----------------------------------+-----------------+-----------------+-----------------------------------------------------------------+---------+
; ../Project/LS_RS.vhd             ; yes             ; User VHDL File  ; /home/shobhit/Desktop/Acads/EE739-SuperScalar/Project/LS_RS.vhd ;         ;
+----------------------------------+-----------------+-----------------+-----------------------------------------------------------------+---------+


+---------------------------------------------------------+
; Analysis & Synthesis Resource Usage Summary             ;
+---------------------------------------------+-----------+
; Resource                                    ; Usage     ;
+---------------------------------------------+-----------+
; Estimated Total logic elements              ; 11,482    ;
;                                             ;           ;
; Total combinational functions               ; 11482     ;
; Logic element usage by number of LUT inputs ;           ;
;     -- 4 input functions                    ; 7947      ;
;     -- 3 input functions                    ; 3332      ;
;     -- <=2 input functions                  ; 203       ;
;                                             ;           ;
; Logic elements by mode                      ;           ;
;     -- normal mode                          ; 11482     ;
;     -- arithmetic mode                      ; 0         ;
;                                             ;           ;
; Total registers                             ; 4433      ;
;     -- Dedicated logic registers            ; 4433      ;
;     -- I/O registers                        ; 0         ;
;                                             ;           ;
; I/O pins                                    ; 283       ;
;                                             ;           ;
; Embedded Multiplier 9-bit elements          ; 0         ;
;                                             ;           ;
; Maximum fan-out node                        ; clk~input ;
; Maximum fan-out                             ; 4433      ;
; Total fan-out                               ; 55642     ;
; Average fan-out                             ; 3.38      ;
+---------------------------------------------+-----------+


+------------------------------------------------------------------------------------------------------------------------------------------------------------------------------------------------------------------------------------+
; Analysis & Synthesis Resource Utilization by Entity                                                                                                                                                                                ;
+----------------------------+---------------------+---------------------------+-------------+------------+--------------+---------+-----------+------+--------------+------------+---------------------+-------------+--------------+
; Compilation Hierarchy Node ; Combinational ALUTs ; Dedicated Logic Registers ; Memory Bits ; UFM Blocks ; DSP Elements ; DSP 9x9 ; DSP 18x18 ; Pins ; Virtual Pins ; ADC blocks ; Full Hierarchy Name ; Entity Name ; Library Name ;
+----------------------------+---------------------+---------------------------+-------------+------------+--------------+---------+-----------+------+--------------+------------+---------------------+-------------+--------------+
; |LS_RS                     ; 11482 (11482)       ; 4433 (4433)               ; 0           ; 0          ; 0            ; 0       ; 0         ; 283  ; 0            ; 0          ; |LS_RS              ; LS_RS       ; work         ;
+----------------------------+---------------------+---------------------------+-------------+------------+--------------+---------+-----------+------+--------------+------------+---------------------+-------------+--------------+
Note: For table entries with two numbers listed, the numbers in parentheses indicate the number of resources of the given type used by the specific entity alone. The numbers listed outside of parentheses indicate the total resources of the given type used by the specific entity and all of its sub-entities in the hierarchy.


+------------------------------------------------------+
; General Register Statistics                          ;
+----------------------------------------------+-------+
; Statistic                                    ; Value ;
+----------------------------------------------+-------+
; Total registers                              ; 4433  ;
; Number of registers using Synchronous Clear  ; 0     ;
; Number of registers using Synchronous Load   ; 0     ;
; Number of registers using Asynchronous Clear ; 0     ;
; Number of registers using Asynchronous Load  ; 0     ;
; Number of registers using Clock Enable       ; 4236  ;
; Number of registers using Preset             ; 0     ;
+----------------------------------------------+-------+


+--------------------------------------------------+
; Inverted Register Statistics                     ;
+----------------------------------------+---------+
; Inverted Register                      ; Fan out ;
+----------------------------------------+---------+
; in1_index_valid                        ; 1       ;
; in2_index_valid                        ; 1       ;
; in2_index[0]                           ; 9       ;
; Total number of inverted registers = 3 ;         ;
+----------------------------------------+---------+


+------------------------------------------------------------------------------------------------------------------------------------------+
; Multiplexer Restructuring Statistics (Restructuring Performed)                                                                           ;
+--------------------+-----------+---------------+----------------------+------------------------+------------+----------------------------+
; Multiplexer Inputs ; Bus Width ; Baseline Area ; Area if Restructured ; Saving if Restructured ; Registered ; Example Multiplexer Output ;
+--------------------+-----------+---------------+----------------------+------------------------+------------+----------------------------+
; 3:1                ; 49 bits   ; 98 LEs        ; 49 LEs               ; 49 LEs                 ; Yes        ; |LS_RS|LS_RS_table[0][24]  ;
; 3:1                ; 49 bits   ; 98 LEs        ; 49 LEs               ; 49 LEs                 ; Yes        ; |LS_RS|LS_RS_table[1][67]  ;
; 3:1                ; 49 bits   ; 98 LEs        ; 49 LEs               ; 49 LEs                 ; Yes        ; |LS_RS|LS_RS_table[2][58]  ;
; 3:1                ; 49 bits   ; 98 LEs        ; 49 LEs               ; 49 LEs                 ; Yes        ; |LS_RS|LS_RS_table[3][46]  ;
; 3:1                ; 49 bits   ; 98 LEs        ; 49 LEs               ; 49 LEs                 ; Yes        ; |LS_RS|LS_RS_table[4][19]  ;
; 3:1                ; 49 bits   ; 98 LEs        ; 49 LEs               ; 49 LEs                 ; Yes        ; |LS_RS|LS_RS_table[5][54]  ;
; 3:1                ; 49 bits   ; 98 LEs        ; 49 LEs               ; 49 LEs                 ; Yes        ; |LS_RS|LS_RS_table[6][60]  ;
; 3:1                ; 49 bits   ; 98 LEs        ; 49 LEs               ; 49 LEs                 ; Yes        ; |LS_RS|LS_RS_table[7][65]  ;
; 3:1                ; 49 bits   ; 98 LEs        ; 49 LEs               ; 49 LEs                 ; Yes        ; |LS_RS|LS_RS_table[8][66]  ;
; 3:1                ; 49 bits   ; 98 LEs        ; 49 LEs               ; 49 LEs                 ; Yes        ; |LS_RS|LS_RS_table[9][65]  ;
; 3:1                ; 49 bits   ; 98 LEs        ; 49 LEs               ; 49 LEs                 ; Yes        ; |LS_RS|LS_RS_table[10][4]  ;
; 3:1                ; 49 bits   ; 98 LEs        ; 49 LEs               ; 49 LEs                 ; Yes        ; |LS_RS|LS_RS_table[11][10] ;
; 3:1                ; 49 bits   ; 98 LEs        ; 49 LEs               ; 49 LEs                 ; Yes        ; |LS_RS|LS_RS_table[12][20] ;
; 3:1                ; 49 bits   ; 98 LEs        ; 49 LEs               ; 49 LEs                 ; Yes        ; |LS_RS|LS_RS_table[13][24] ;
; 3:1                ; 49 bits   ; 98 LEs        ; 49 LEs               ; 49 LEs                 ; Yes        ; |LS_RS|LS_RS_table[14][60] ;
; 3:1                ; 49 bits   ; 98 LEs        ; 49 LEs               ; 49 LEs                 ; Yes        ; |LS_RS|LS_RS_table[15][64] ;
; 3:1                ; 49 bits   ; 98 LEs        ; 49 LEs               ; 49 LEs                 ; Yes        ; |LS_RS|LS_RS_table[16][21] ;
; 3:1                ; 49 bits   ; 98 LEs        ; 49 LEs               ; 49 LEs                 ; Yes        ; |LS_RS|LS_RS_table[17][24] ;
; 3:1                ; 49 bits   ; 98 LEs        ; 49 LEs               ; 49 LEs                 ; Yes        ; |LS_RS|LS_RS_table[18][47] ;
; 3:1                ; 49 bits   ; 98 LEs        ; 49 LEs               ; 49 LEs                 ; Yes        ; |LS_RS|LS_RS_table[19][23] ;
; 3:1                ; 49 bits   ; 98 LEs        ; 49 LEs               ; 49 LEs                 ; Yes        ; |LS_RS|LS_RS_table[20][3]  ;
; 3:1                ; 49 bits   ; 98 LEs        ; 49 LEs               ; 49 LEs                 ; Yes        ; |LS_RS|LS_RS_table[21][49] ;
; 3:1                ; 49 bits   ; 98 LEs        ; 49 LEs               ; 49 LEs                 ; Yes        ; |LS_RS|LS_RS_table[22][1]  ;
; 3:1                ; 49 bits   ; 98 LEs        ; 49 LEs               ; 49 LEs                 ; Yes        ; |LS_RS|LS_RS_table[23][18] ;
; 3:1                ; 49 bits   ; 98 LEs        ; 49 LEs               ; 49 LEs                 ; Yes        ; |LS_RS|LS_RS_table[24][20] ;
; 3:1                ; 49 bits   ; 98 LEs        ; 49 LEs               ; 49 LEs                 ; Yes        ; |LS_RS|LS_RS_table[25][55] ;
; 3:1                ; 49 bits   ; 98 LEs        ; 49 LEs               ; 49 LEs                 ; Yes        ; |LS_RS|LS_RS_table[26][68] ;
; 3:1                ; 49 bits   ; 98 LEs        ; 49 LEs               ; 49 LEs                 ; Yes        ; |LS_RS|LS_RS_table[27][18] ;
; 3:1                ; 49 bits   ; 98 LEs        ; 49 LEs               ; 49 LEs                 ; Yes        ; |LS_RS|LS_RS_table[28][57] ;
; 3:1                ; 49 bits   ; 98 LEs        ; 49 LEs               ; 49 LEs                 ; Yes        ; |LS_RS|LS_RS_table[29][58] ;
; 3:1                ; 49 bits   ; 98 LEs        ; 49 LEs               ; 49 LEs                 ; Yes        ; |LS_RS|LS_RS_table[30][22] ;
; 3:1                ; 49 bits   ; 98 LEs        ; 49 LEs               ; 49 LEs                 ; Yes        ; |LS_RS|LS_RS_table[31][46] ;
; 3:1                ; 49 bits   ; 98 LEs        ; 49 LEs               ; 49 LEs                 ; Yes        ; |LS_RS|LS_RS_table[32][57] ;
; 3:1                ; 49 bits   ; 98 LEs        ; 49 LEs               ; 49 LEs                 ; Yes        ; |LS_RS|LS_RS_table[33][50] ;
; 3:1                ; 49 bits   ; 98 LEs        ; 49 LEs               ; 49 LEs                 ; Yes        ; |LS_RS|LS_RS_table[34][13] ;
; 3:1                ; 49 bits   ; 98 LEs        ; 49 LEs               ; 49 LEs                 ; Yes        ; |LS_RS|LS_RS_table[35][43] ;
; 3:1                ; 49 bits   ; 98 LEs        ; 49 LEs               ; 49 LEs                 ; Yes        ; |LS_RS|LS_RS_table[36][65] ;
; 3:1                ; 49 bits   ; 98 LEs        ; 49 LEs               ; 49 LEs                 ; Yes        ; |LS_RS|LS_RS_table[37][44] ;
; 3:1                ; 49 bits   ; 98 LEs        ; 49 LEs               ; 49 LEs                 ; Yes        ; |LS_RS|LS_RS_table[38][63] ;
; 3:1                ; 49 bits   ; 98 LEs        ; 49 LEs               ; 49 LEs                 ; Yes        ; |LS_RS|LS_RS_table[39][63] ;
; 3:1                ; 49 bits   ; 98 LEs        ; 49 LEs               ; 49 LEs                 ; Yes        ; |LS_RS|LS_RS_table[40][13] ;
; 3:1                ; 49 bits   ; 98 LEs        ; 49 LEs               ; 49 LEs                 ; Yes        ; |LS_RS|LS_RS_table[41][48] ;
; 3:1                ; 49 bits   ; 98 LEs        ; 49 LEs               ; 49 LEs                 ; Yes        ; |LS_RS|LS_RS_table[42][20] ;
; 3:1                ; 49 bits   ; 98 LEs        ; 49 LEs               ; 49 LEs                 ; Yes        ; |LS_RS|LS_RS_table[43][22] ;
; 3:1                ; 49 bits   ; 98 LEs        ; 49 LEs               ; 49 LEs                 ; Yes        ; |LS_RS|LS_RS_table[44][67] ;
; 3:1                ; 49 bits   ; 98 LEs        ; 49 LEs               ; 49 LEs                 ; Yes        ; |LS_RS|LS_RS_table[45][21] ;
; 3:1                ; 49 bits   ; 98 LEs        ; 49 LEs               ; 49 LEs                 ; Yes        ; |LS_RS|LS_RS_table[46][54] ;
; 3:1                ; 49 bits   ; 98 LEs        ; 49 LEs               ; 49 LEs                 ; Yes        ; |LS_RS|LS_RS_table[47][45] ;
; 3:1                ; 49 bits   ; 98 LEs        ; 49 LEs               ; 49 LEs                 ; Yes        ; |LS_RS|LS_RS_table[48][47] ;
; 3:1                ; 49 bits   ; 98 LEs        ; 49 LEs               ; 49 LEs                 ; Yes        ; |LS_RS|LS_RS_table[49][21] ;
; 3:1                ; 49 bits   ; 98 LEs        ; 49 LEs               ; 49 LEs                 ; Yes        ; |LS_RS|LS_RS_table[50][62] ;
; 3:1                ; 49 bits   ; 98 LEs        ; 49 LEs               ; 49 LEs                 ; Yes        ; |LS_RS|LS_RS_table[51][15] ;
; 3:1                ; 49 bits   ; 98 LEs        ; 49 LEs               ; 49 LEs                 ; Yes        ; |LS_RS|LS_RS_table[52][65] ;
; 3:1                ; 49 bits   ; 98 LEs        ; 49 LEs               ; 49 LEs                 ; Yes        ; |LS_RS|LS_RS_table[53][22] ;
; 3:1                ; 49 bits   ; 98 LEs        ; 49 LEs               ; 49 LEs                 ; Yes        ; |LS_RS|LS_RS_table[54][59] ;
; 3:1                ; 49 bits   ; 98 LEs        ; 49 LEs               ; 49 LEs                 ; Yes        ; |LS_RS|LS_RS_table[55][53] ;
; 3:1                ; 49 bits   ; 98 LEs        ; 49 LEs               ; 49 LEs                 ; Yes        ; |LS_RS|LS_RS_table[56][49] ;
; 3:1                ; 49 bits   ; 98 LEs        ; 49 LEs               ; 49 LEs                 ; Yes        ; |LS_RS|LS_RS_table[57][2]  ;
; 3:1                ; 49 bits   ; 98 LEs        ; 49 LEs               ; 49 LEs                 ; Yes        ; |LS_RS|LS_RS_table[58][4]  ;
; 3:1                ; 49 bits   ; 98 LEs        ; 49 LEs               ; 49 LEs                 ; Yes        ; |LS_RS|LS_RS_table[59][17] ;
; 3:1                ; 49 bits   ; 98 LEs        ; 49 LEs               ; 49 LEs                 ; Yes        ; |LS_RS|LS_RS_table[60][3]  ;
; 3:1                ; 49 bits   ; 98 LEs        ; 49 LEs               ; 49 LEs                 ; Yes        ; |LS_RS|LS_RS_table[61][53] ;
; 3:1                ; 49 bits   ; 98 LEs        ; 49 LEs               ; 49 LEs                 ; Yes        ; |LS_RS|LS_RS_table[62][53] ;
; 3:1                ; 49 bits   ; 98 LEs        ; 49 LEs               ; 49 LEs                 ; Yes        ; |LS_RS|LS_RS_table[63][61] ;
; 7:1                ; 16 bits   ; 64 LEs        ; 48 LEs               ; 16 LEs                 ; Yes        ; |LS_RS|LS_RS_table[0][32]  ;
; 7:1                ; 16 bits   ; 64 LEs        ; 48 LEs               ; 16 LEs                 ; Yes        ; |LS_RS|LS_RS_table[1][32]  ;
; 7:1                ; 16 bits   ; 64 LEs        ; 48 LEs               ; 16 LEs                 ; Yes        ; |LS_RS|LS_RS_table[2][33]  ;
; 7:1                ; 16 bits   ; 64 LEs        ; 48 LEs               ; 16 LEs                 ; Yes        ; |LS_RS|LS_RS_table[3][37]  ;
; 7:1                ; 16 bits   ; 64 LEs        ; 48 LEs               ; 16 LEs                 ; Yes        ; |LS_RS|LS_RS_table[4][40]  ;
; 7:1                ; 16 bits   ; 64 LEs        ; 48 LEs               ; 16 LEs                 ; Yes        ; |LS_RS|LS_RS_table[5][30]  ;
; 7:1                ; 16 bits   ; 64 LEs        ; 48 LEs               ; 16 LEs                 ; Yes        ; |LS_RS|LS_RS_table[6][33]  ;
; 7:1                ; 16 bits   ; 64 LEs        ; 48 LEs               ; 16 LEs                 ; Yes        ; |LS_RS|LS_RS_table[7][38]  ;
; 7:1                ; 16 bits   ; 64 LEs        ; 48 LEs               ; 16 LEs                 ; Yes        ; |LS_RS|LS_RS_table[8][41]  ;
; 7:1                ; 16 bits   ; 64 LEs        ; 48 LEs               ; 16 LEs                 ; Yes        ; |LS_RS|LS_RS_table[9][27]  ;
; 7:1                ; 16 bits   ; 64 LEs        ; 48 LEs               ; 16 LEs                 ; Yes        ; |LS_RS|LS_RS_table[10][34] ;
; 7:1                ; 16 bits   ; 64 LEs        ; 48 LEs               ; 16 LEs                 ; Yes        ; |LS_RS|LS_RS_table[11][30] ;
; 7:1                ; 16 bits   ; 64 LEs        ; 48 LEs               ; 16 LEs                 ; Yes        ; |LS_RS|LS_RS_table[12][29] ;
; 7:1                ; 16 bits   ; 64 LEs        ; 48 LEs               ; 16 LEs                 ; Yes        ; |LS_RS|LS_RS_table[13][29] ;
; 7:1                ; 16 bits   ; 64 LEs        ; 48 LEs               ; 16 LEs                 ; Yes        ; |LS_RS|LS_RS_table[14][27] ;
; 7:1                ; 16 bits   ; 64 LEs        ; 48 LEs               ; 16 LEs                 ; Yes        ; |LS_RS|LS_RS_table[15][38] ;
; 7:1                ; 16 bits   ; 64 LEs        ; 48 LEs               ; 16 LEs                 ; Yes        ; |LS_RS|LS_RS_table[16][42] ;
; 7:1                ; 16 bits   ; 64 LEs        ; 48 LEs               ; 16 LEs                 ; Yes        ; |LS_RS|LS_RS_table[17][42] ;
; 7:1                ; 16 bits   ; 64 LEs        ; 48 LEs               ; 16 LEs                 ; Yes        ; |LS_RS|LS_RS_table[18][40] ;
; 7:1                ; 16 bits   ; 64 LEs        ; 48 LEs               ; 16 LEs                 ; Yes        ; |LS_RS|LS_RS_table[19][37] ;
; 7:1                ; 16 bits   ; 64 LEs        ; 48 LEs               ; 16 LEs                 ; Yes        ; |LS_RS|LS_RS_table[20][37] ;
; 7:1                ; 16 bits   ; 64 LEs        ; 48 LEs               ; 16 LEs                 ; Yes        ; |LS_RS|LS_RS_table[21][34] ;
; 7:1                ; 16 bits   ; 64 LEs        ; 48 LEs               ; 16 LEs                 ; Yes        ; |LS_RS|LS_RS_table[22][38] ;
; 7:1                ; 16 bits   ; 64 LEs        ; 48 LEs               ; 16 LEs                 ; Yes        ; |LS_RS|LS_RS_table[23][34] ;
; 7:1                ; 16 bits   ; 64 LEs        ; 48 LEs               ; 16 LEs                 ; Yes        ; |LS_RS|LS_RS_table[24][34] ;
; 7:1                ; 16 bits   ; 64 LEs        ; 48 LEs               ; 16 LEs                 ; Yes        ; |LS_RS|LS_RS_table[25][31] ;
; 7:1                ; 16 bits   ; 64 LEs        ; 48 LEs               ; 16 LEs                 ; Yes        ; |LS_RS|LS_RS_table[26][35] ;
; 7:1                ; 16 bits   ; 64 LEs        ; 48 LEs               ; 16 LEs                 ; Yes        ; |LS_RS|LS_RS_table[27][39] ;
; 7:1                ; 16 bits   ; 64 LEs        ; 48 LEs               ; 16 LEs                 ; Yes        ; |LS_RS|LS_RS_table[28][33] ;
; 7:1                ; 16 bits   ; 64 LEs        ; 48 LEs               ; 16 LEs                 ; Yes        ; |LS_RS|LS_RS_table[29][31] ;
; 7:1                ; 16 bits   ; 64 LEs        ; 48 LEs               ; 16 LEs                 ; Yes        ; |LS_RS|LS_RS_table[30][36] ;
; 7:1                ; 16 bits   ; 64 LEs        ; 48 LEs               ; 16 LEs                 ; Yes        ; |LS_RS|LS_RS_table[31][40] ;
; 7:1                ; 16 bits   ; 64 LEs        ; 48 LEs               ; 16 LEs                 ; Yes        ; |LS_RS|LS_RS_table[32][37] ;
; 7:1                ; 16 bits   ; 64 LEs        ; 48 LEs               ; 16 LEs                 ; Yes        ; |LS_RS|LS_RS_table[33][28] ;
; 7:1                ; 16 bits   ; 64 LEs        ; 48 LEs               ; 16 LEs                 ; Yes        ; |LS_RS|LS_RS_table[34][38] ;
; 7:1                ; 16 bits   ; 64 LEs        ; 48 LEs               ; 16 LEs                 ; Yes        ; |LS_RS|LS_RS_table[35][41] ;
; 7:1                ; 16 bits   ; 64 LEs        ; 48 LEs               ; 16 LEs                 ; Yes        ; |LS_RS|LS_RS_table[36][29] ;
; 7:1                ; 16 bits   ; 64 LEs        ; 48 LEs               ; 16 LEs                 ; Yes        ; |LS_RS|LS_RS_table[37][42] ;
; 7:1                ; 16 bits   ; 64 LEs        ; 48 LEs               ; 16 LEs                 ; Yes        ; |LS_RS|LS_RS_table[38][28] ;
; 7:1                ; 16 bits   ; 64 LEs        ; 48 LEs               ; 16 LEs                 ; Yes        ; |LS_RS|LS_RS_table[39][30] ;
; 7:1                ; 16 bits   ; 64 LEs        ; 48 LEs               ; 16 LEs                 ; Yes        ; |LS_RS|LS_RS_table[40][31] ;
; 7:1                ; 16 bits   ; 64 LEs        ; 48 LEs               ; 16 LEs                 ; Yes        ; |LS_RS|LS_RS_table[41][28] ;
; 7:1                ; 16 bits   ; 64 LEs        ; 48 LEs               ; 16 LEs                 ; Yes        ; |LS_RS|LS_RS_table[42][28] ;
; 7:1                ; 16 bits   ; 64 LEs        ; 48 LEs               ; 16 LEs                 ; Yes        ; |LS_RS|LS_RS_table[43][40] ;
; 7:1                ; 16 bits   ; 64 LEs        ; 48 LEs               ; 16 LEs                 ; Yes        ; |LS_RS|LS_RS_table[44][40] ;
; 7:1                ; 16 bits   ; 64 LEs        ; 48 LEs               ; 16 LEs                 ; Yes        ; |LS_RS|LS_RS_table[45][33] ;
; 7:1                ; 16 bits   ; 64 LEs        ; 48 LEs               ; 16 LEs                 ; Yes        ; |LS_RS|LS_RS_table[46][30] ;
; 7:1                ; 16 bits   ; 64 LEs        ; 48 LEs               ; 16 LEs                 ; Yes        ; |LS_RS|LS_RS_table[47][41] ;
; 7:1                ; 16 bits   ; 64 LEs        ; 48 LEs               ; 16 LEs                 ; Yes        ; |LS_RS|LS_RS_table[48][34] ;
; 7:1                ; 16 bits   ; 64 LEs        ; 48 LEs               ; 16 LEs                 ; Yes        ; |LS_RS|LS_RS_table[49][30] ;
; 7:1                ; 16 bits   ; 64 LEs        ; 48 LEs               ; 16 LEs                 ; Yes        ; |LS_RS|LS_RS_table[50][33] ;
; 7:1                ; 16 bits   ; 64 LEs        ; 48 LEs               ; 16 LEs                 ; Yes        ; |LS_RS|LS_RS_table[51][37] ;
; 7:1                ; 16 bits   ; 64 LEs        ; 48 LEs               ; 16 LEs                 ; Yes        ; |LS_RS|LS_RS_table[52][29] ;
; 7:1                ; 16 bits   ; 64 LEs        ; 48 LEs               ; 16 LEs                 ; Yes        ; |LS_RS|LS_RS_table[53][29] ;
; 7:1                ; 16 bits   ; 64 LEs        ; 48 LEs               ; 16 LEs                 ; Yes        ; |LS_RS|LS_RS_table[54][34] ;
; 7:1                ; 16 bits   ; 64 LEs        ; 48 LEs               ; 16 LEs                 ; Yes        ; |LS_RS|LS_RS_table[55][38] ;
; 7:1                ; 16 bits   ; 64 LEs        ; 48 LEs               ; 16 LEs                 ; Yes        ; |LS_RS|LS_RS_table[56][38] ;
; 7:1                ; 16 bits   ; 64 LEs        ; 48 LEs               ; 16 LEs                 ; Yes        ; |LS_RS|LS_RS_table[57][39] ;
; 7:1                ; 16 bits   ; 64 LEs        ; 48 LEs               ; 16 LEs                 ; Yes        ; |LS_RS|LS_RS_table[58][40] ;
; 7:1                ; 16 bits   ; 64 LEs        ; 48 LEs               ; 16 LEs                 ; Yes        ; |LS_RS|LS_RS_table[59][31] ;
; 7:1                ; 16 bits   ; 64 LEs        ; 48 LEs               ; 16 LEs                 ; Yes        ; |LS_RS|LS_RS_table[60][40] ;
; 7:1                ; 16 bits   ; 64 LEs        ; 48 LEs               ; 16 LEs                 ; Yes        ; |LS_RS|LS_RS_table[61][29] ;
; 7:1                ; 16 bits   ; 64 LEs        ; 48 LEs               ; 16 LEs                 ; Yes        ; |LS_RS|LS_RS_table[62][38] ;
; 7:1                ; 16 bits   ; 64 LEs        ; 48 LEs               ; 16 LEs                 ; Yes        ; |LS_RS|LS_RS_table[63][35] ;
; 65:1               ; 65 bits   ; 2795 LEs      ; 2730 LEs             ; 65 LEs                 ; Yes        ; |LS_RS|pipe_out[64]        ;
; 65:1               ; 6 bits    ; 258 LEs       ; 252 LEs              ; 6 LEs                  ; Yes        ; |LS_RS|in1_index[5]        ;
; 65:1               ; 5 bits    ; 215 LEs       ; 210 LEs              ; 5 LEs                  ; Yes        ; |LS_RS|in2_index[1]        ;
+--------------------+-----------+---------------+----------------------+------------------------+------------+----------------------------+


+-----------------------------------------------------------------------+
; Parameter Settings for User Entity Instance: Top-level Entity: |LS_RS ;
+----------------+-------+----------------------------------------------+
; Parameter Name ; Value ; Type                                         ;
+----------------+-------+----------------------------------------------+
; len_PC         ; 5     ; Signed Integer                               ;
; len_control    ; 16    ; Signed Integer                               ;
; len_RRF        ; 6     ; Signed Integer                               ;
; len_operand    ; 16    ; Signed Integer                               ;
; size_rs        ; 64    ; Signed Integer                               ;
; log_size_rs    ; 6     ; Signed Integer                               ;
; input_RRF      ; 22    ; Signed Integer                               ;
; len_out        ; 65    ; Signed Integer                               ;
; input_len      ; 71    ; Signed Integer                               ;
; row_len        ; 72    ; Signed Integer                               ;
+----------------+-------+----------------------------------------------+
Note: In order to hide this table in the UI and the text report file, please set the "Show Parameter Settings in Synthesis Report" option in "Analysis and Synthesis Settings -> More Settings" to "Off".


+-----------------------------------------------------+
; Post-Synthesis Netlist Statistics for Top Partition ;
+-----------------------+-----------------------------+
; Type                  ; Count                       ;
+-----------------------+-----------------------------+
; boundary_port         ; 283                         ;
; cycloneiii_ff         ; 4433                        ;
;     ENA               ; 4236                        ;
;     plain             ; 197                         ;
; cycloneiii_lcell_comb ; 11482                       ;
;     normal            ; 11482                       ;
;         2 data inputs ; 203                         ;
;         3 data inputs ; 3332                        ;
;         4 data inputs ; 7947                        ;
;                       ;                             ;
; Max LUT depth         ; 22.00                       ;
; Average LUT depth     ; 7.35                        ;
+-----------------------+-----------------------------+


+-------------------------------+
; Elapsed Time Per Partition    ;
+----------------+--------------+
; Partition Name ; Elapsed Time ;
+----------------+--------------+
; Top            ; 00:00:28     ;
+----------------+--------------+


+-------------------------------+
; Analysis & Synthesis Messages ;
+-------------------------------+
Info: *******************************************************************
Info: Running Quartus Prime Analysis & Synthesis
    Info: Version 22.1std.2 Build 922 07/20/2023 SC Lite Edition
    Info: Processing started: Mon Dec  4 13:24:45 2023
Info: Command: quartus_map --read_settings_files=on --write_settings_files=off Testing -c Testing
Warning (18236): Number of processors has not been specified which may cause overloading on shared machines.  Set the global assignment NUM_PARALLEL_PROCESSORS in your QSF to an appropriate value for best performance.
Info (20030): Parallel compilation is enabled and will use 4 of the 4 processors detected
Info (12021): Found 2 design units, including 1 entities, in source file /home/shobhit/Desktop/Acads/EE739-SuperScalar/Project/LS_RS.vhd
    Info (12022): Found design unit 1: LS_RS-LS_RS_arch File: /home/shobhit/Desktop/Acads/EE739-SuperScalar/Project/LS_RS.vhd Line: 33
    Info (12023): Found entity 1: LS_RS File: /home/shobhit/Desktop/Acads/EE739-SuperScalar/Project/LS_RS.vhd Line: 5
Info (12127): Elaborating entity "LS_RS" for the top level hierarchy
Info (286030): Timing-Driven Synthesis is running
Info (16010): Generating hard_block partition "hard_block:auto_generated_inst"
    Info (16011): Adding 0 node(s), including 0 DDIO, 0 PLL, 0 transceiver and 0 LCELL
Warning (21074): Design contains 8 input pin(s) that do not drive logic
    Warning (15610): No output dependent on input pin "input_word1[8]" File: /home/shobhit/Desktop/Acads/EE739-SuperScalar/Project/LS_RS.vhd Line: 23
    Warning (15610): No output dependent on input pin "input_word1[7]" File: /home/shobhit/Desktop/Acads/EE739-SuperScalar/Project/LS_RS.vhd Line: 23
    Warning (15610): No output dependent on input pin "input_word1[6]" File: /home/shobhit/Desktop/Acads/EE739-SuperScalar/Project/LS_RS.vhd Line: 23
    Warning (15610): No output dependent on input pin "input_word1[5]" File: /home/shobhit/Desktop/Acads/EE739-SuperScalar/Project/LS_RS.vhd Line: 23
    Warning (15610): No output dependent on input pin "input_word2[8]" File: /home/shobhit/Desktop/Acads/EE739-SuperScalar/Project/LS_RS.vhd Line: 23
    Warning (15610): No output dependent on input pin "input_word2[7]" File: /home/shobhit/Desktop/Acads/EE739-SuperScalar/Project/LS_RS.vhd Line: 23
    Warning (15610): No output dependent on input pin "input_word2[6]" File: /home/shobhit/Desktop/Acads/EE739-SuperScalar/Project/LS_RS.vhd Line: 23
    Warning (15610): No output dependent on input pin "input_word2[5]" File: /home/shobhit/Desktop/Acads/EE739-SuperScalar/Project/LS_RS.vhd Line: 23
Info (21057): Implemented 11765 device resources after synthesis - the final resource count might be different
    Info (21058): Implemented 216 input pins
    Info (21059): Implemented 67 output pins
    Info (21061): Implemented 11482 logic cells
Info: Quartus Prime Analysis & Synthesis was successful. 0 errors, 10 warnings
    Info: Peak virtual memory: 512 megabytes
    Info: Processing ended: Mon Dec  4 13:25:26 2023
    Info: Elapsed time: 00:00:41
    Info: Total CPU time (on all processors): 00:00:56


